// Jest Snapshot v1, https://goo.gl/fbAQLP

exports[`renders correctly 1`] = `
<button
  class="cl-icon-button"
>
  <cl-icon
    color="currentColor"
  />
</button>
`;
