// Jest Snapshot v1, https://goo.gl/fbAQLP

exports[`renders correctly 1`] = `
<div
  popper-class="cl-popover"
>
  <!---->
   
  <div
    class="content"
  />
   
</div>
`;
